data/history/22003303123.csv
time,date,itemid,price,discount,price_before_discount,stock,sold,item_status,cmt_count,liked_count
1668769974,20221118,22003303123,22562000,50%,45124000,9998,0,normal,0,98
1668778548,20221118,22003303123,22562000,50%,45124000,9997,0,normal,0,98
1668797182,20221118,22003303123,22562000,50%,45124000,9997,0,normal,0,99
1668802742,20221118,22003303123,22562000,50%,45124000,9997,0,normal,0,100
1668804011,20221118,22003303123,22562000,50%,45124000,9997,0,normal,0,101
1668806163,20221118,22003303123,22562000,50%,45124000,9997,0,normal,0,100
1668807492,20221118,22003303123,22562000,50%,45124000,9997,0,normal,0,101
1668809865,20221118,22003303123,22562000,50%,45124000,9996,0,normal,0,102
1668814792,20221118,22003303123,22562000,50%,45124000,9996,0,normal,0,101
1668822002,20221119,22003303123,22562000,50%,45124000,9996,0,normal,0,103
1668861109,20221119,22003303123,22562000,50%,45124000,9996,0,normal,0,104
1668864380,20221119,22003303123,22562000,50%,45124000,9997,0,normal,0,104
1668871061,20221119,22003303123,22562000,50%,45124000,9997,0,normal,0,105
1668875037,20221119,22003303123,22562000,50%,45124000,9997,0,normal,0,106
1668882061,20221119,22003303123,22562000,50%,45124000,9996,0,normal,0,106
1668897595,20221119,22003303123,22562000,50%,45124000,9997,0,normal,0,107
1668908693,20221120,22003303123,22562000,50%,45124000,9997,0,normal,0,108
1668914351,20221120,22003303123,22562000,50%,45124000,9996,0,normal,0,109
1668916691,20221120,22003303123,22562000,50%,45124000,9996,0,normal,0,110
1668942837,20221120,22003303123,22562000,50%,45124000,9995,0,normal,0,110
1668953723,20221120,22003303123,22562000,50%,45124000,9995,0,normal,0,111
1668955083,20221120,22003303123,22562000,50%,45124000,9995,0,normal,0,112
1668957448,20221120,22003303123,22562000,50%,45124000,9995,0,normal,1,112
1668973039,20221120,22003303123,22562000,50%,45124000,9995,1,normal,1,113
1668978901,20221120,22003303123,22562000,50%,45124000,9994,1,normal,1,114
1668982588,20221120,22003303123,22562000,50%,45124000,9993,1,normal,1,115
1668994897,20221121,22003303123,22562000,50%,45124000,9993,1,normal,1,116
1669000623,20221121,22003303123,22562000,50%,45124000,9994,1,normal,1,117
1669006152,20221121,22003303123,22562000,50%,45124000,9994,1,normal,1,118
1669009142,20221121,22003303123,22562000,50%,45124000,9993,1,normal,1,118
1669011879,20221121,22003303123,22562000,50%,45124000,9993,1,normal,1,119
1669350512,20221125,22003303123,21412000,53%,45124000,187,2,normal,1,150
1669365856,20221125,22003303123,21412000,53%,45124000,186,2,normal,1,150
1669382972,20221125,22003303123,21412000,53%,45124000,185,2,normal,1,150
1669383846,20221125,22003303123,21412000,53%,45124000,185,2,normal,1,151
1669385924,20221125,22003303123,21412000,53%,45124000,184,2,normal,1,153
1669387145,20221125,22003303123,21412000,53%,45124000,183,2,normal,1,153
1669389684,20221125,22003303123,21412000,53%,45124000,182,2,normal,1,153
1669393742,20221125,22003303123,21412000,53%,45124000,181,2,normal,2,153
1669396720,20221125,22003303123,21412000,53%,45124000,181,2,normal,2,154
1669397946,20221125,22003303123,21412000,53%,45124000,183,2,normal,2,154
1669400752,20221125,22003303123,21412000,53%,45124000,183,2,normal,2,155
1669401855,20221125,22003303123,21412000,53%,45124000,181,2,normal,2,155
1669405085,20221125,22003303123,21412000,53%,45124000,179,4,normal,2,156
1669407695,20221125,22003303123,21412000,53%,45124000,179,4,normal,3,156
1669408808,20221125,22003303123,21412000,53%,45124000,178,4,normal,3,156
1669414781,20221125,22003303123,21412000,53%,45124000,176,4,normal,3,157
1669416007,20221125,22003303123,21412000,53%,45124000,175,4,normal,3,158
1669418447,20221125,22003303123,21412000,53%,45124000,174,4,normal,3,158
1669419595,20221125,22003303123,21412000,53%,45124000,172,4,normal,3,158
1669427074,20221126,22003303123,21412000,53%,45124000,169,4,normal,3,160
1669436718,20221126,22003303123,21412000,53%,45124000,168,4,normal,3,160
1669459217,20221126,22003303123,21412000,53%,45124000,169,4,normal,3,160
1669466189,20221126,22003303123,21412000,53%,45124000,169,4,normal,3,161
1669473503,20221126,22003303123,21412000,53%,45124000,170,4,normal,3,161
1669476010,20221126,22003303123,21412000,53%,45124000,169,4,normal,3,162
1669484290,20221126,22003303123,21412000,53%,45124000,168,4,normal,3,162
1669488173,20221126,22003303123,21412000,53%,45124000,167,4,normal,3,162
1669490141,20221126,22003303123,21412000,53%,45124000,167,5,normal,3,162
1669491497,20221126,22003303123,21412000,53%,45124000,166,5,normal,3,163
1669501161,20221126,22003303123,21412000,53%,45124000,167,5,normal,3,163
1669502359,20221126,22003303123,21412000,53%,45124000,168,5,normal,3,163
1669504819,20221126,22003303123,21412000,53%,45124000,168,5,normal,3,164
1669514080,20221127,22003303123,21412000,53%,45124000,170,5,normal,3,165
1669526311,20221127,22003303123,21412000,53%,45124000,170,5,normal,3,166
1669544462,20221127,22003303123,21412000,53%,45124000,170,5,normal,3,167
1669547816,20221127,22003303123,21412000,53%,45124000,170,5,normal,3,168
1669549088,20221127,22003303123,21412000,53%,45124000,170,5,normal,3,169
1669562398,20221127,22003303123,21412000,53%,45124000,171,5,normal,3,169
1669566486,20221127,22003303123,21412000,53%,45124000,171,5,normal,3,170
1669567833,20221127,22003303123,21412000,53%,45124000,170,5,normal,3,170
1669569466,20221127,22003303123,21412000,53%,45124000,169,5,normal,3,171
1669570713,20221127,22003303123,21412000,53%,45124000,170,5,normal,3,171
1669573464,20221127,22003303123,21412000,53%,45124000,168,5,normal,3,171
1669574585,20221127,22003303123,21412000,53%,45124000,168,5,normal,3,172
1669577893,20221127,22003303123,21412000,53%,45124000,168,5,normal,3,173
1669580443,20221127,22003303123,21412000,53%,45124000,167,5,normal,3,173
1669587597,20221127,22003303123,21412000,53%,45124000,167,5,normal,3,175
1669588794,20221127,22003303123,21412000,53%,45124000,165,5,normal,3,176
1669591304,20221127,22003303123,21412000,53%,45124000,165,5,normal,3,177
1669592412,20221127,22003303123,21412000,53%,45124000,164,5,normal,3,178
1669600048,20221128,22003303123,21412000,53%,45124000,163,5,normal,3,178
1669604387,20221128,22003303123,21412000,53%,45124000,163,5,normal,3,179
1669606520,20221128,22003303123,21412000,53%,45124000,199,5,normal,3,179
1669609564,20221128,22003303123,21412000,53%,45124000,198,5,normal,3,181
1669627249,20221128,22003303123,21412000,53%,45124000,198,5,normal,3,182
1669635501,20221128,22003303123,21412000,53%,45124000,197,5,normal,3,182
1669645147,20221128,22003303123,21412000,53%,45124000,197,5,normal,3,183
1669648745,20221128,22003303123,21412000,53%,45124000,197,5,normal,3,184
1669652692,20221128,22003303123,21412000,53%,45124000,196,5,normal,3,185
1669661143,20221128,22003303123,21412000,53%,45124000,195,5,normal,3,185
1669670314,20221128,22003303123,21412000,53%,45124000,195,5,normal,3,186
1669677730,20221128,22003303123,21412000,53%,45124000,195,5,normal,3,187
1669678852,20221128,22003303123,21412000,53%,45124000,195,5,normal,3,188
1669686420,20221129,22003303123,21412000,53%,45124000,193,5,normal,3,189
1669690560,20221129,22003303123,21412000,53%,45124000,193,5,normal,3,194
1669692664,20221129,22003303123,21412000,53%,45124000,194,5,normal,3,194
1669713648,20221129,22003303123,21412000,53%,45124000,194,5,normal,3,195
1669720660,20221129,22003303123,21412000,53%,45124000,193,5,normal,3,196
1669721911,20221129,22003303123,21412000,53%,45124000,194,5,normal,3,196
1669728691,20221129,22003303123,21412000,53%,45124000,192,5,normal,3,196
1669740812,20221129,22003303123,21412000,53%,45124000,191,5,normal,3,196
1669743551,20221129,22003303123,21412000,53%,45124000,192,5,normal,3,196
1669746277,20221129,22003303123,21412000,53%,45124000,191,5,normal,3,196
1669754394,20221129,22003303123,21412000,53%,45124000,191,5,normal,3,197
1669757954,20221129,22003303123,21412000,53%,45124000,190,5,normal,3,197
1669760359,20221129,22003303123,21412000,53%,45124000,189,5,normal,3,197
1669764140,20221129,22003303123,21412000,53%,45124000,188,5,normal,3,197
1669772899,20221130,22003303123,21412000,53%,45124000,188,5,normal,3,198
1669776835,20221130,22003303123,21412000,53%,45124000,188,5,normal,4,200
1669782389,20221130,22003303123,21412000,53%,45124000,188,5,normal,4,202
1669789604,20221130,22003303123,21412000,53%,45124000,188,5,normal,4,203
